{
    "without bed": {
        "content": [
            "VcfFile [chromosomes=[chr21], sampleCount=1, variantCount=15, phased=false, phasedAutodetect=true]",
            "VcfFile [chromosomes=[chr21], sampleCount=1, variantCount=12, phased=false, phasedAutodetect=true]",
            {
                "TRUVARI_COLLAPSE": {
                    "truvari": "5.3.0"
                }
            }
        ],
        "meta": {
            "nf-test": "0.9.2",
            "nextflow": "24.10.5"
        },
        "timestamp": "2025-01-07T14:34:37.210063"
    },
    "with bed": {
        "content": [
            "VcfFile [chromosomes=[chr21], sampleCount=1, variantCount=10, phased=false, phasedAutodetect=true]",
            "VcfFile [chromosomes=[chr21], sampleCount=1, variantCount=8, phased=false, phasedAutodetect=true]",
            {
                "TRUVARI_COLLAPSE": {
                    "truvari": "5.3.0"
                }
            }
        ],
        "meta": {
            "nf-test": "0.9.2",
            "nextflow": "24.10.5"
        },
        "timestamp": "2025-01-07T14:36:48.501008"
    },
    "with dup_to_ins flag": {
        "content": [
            "VcfFile [chromosomes=[chr21], sampleCount=1, variantCount=13, phased=false, phasedAutodetect=true]",
            "VcfFile [chromosomes=[chr21], sampleCount=1, variantCount=11, phased=false, phasedAutodetect=true]",
            {
                "TRUVARI_COLLAPSE": {
                    "truvari": "5.3.0"
                }
            }
        ],
        "meta": {
            "nf-test": "0.9.2",
            "nextflow": "24.10.5"
        },
        "timestamp": "2025-01-07T14:38:15.123456"
    },
    "without bed - stub": {
        "content": [
            {
                "0": [
                    [
                        {
                            "id": "test"
                        },
                        "test_merged.vcf:md5,d41d8cd98f00b204e9800998ecf8427e"
                    ]
                ],
                "1": [
                    [
                        {
                            "id": "test"
                        },
                        "test_collapsed.vcf:md5,d41d8cd98f00b204e9800998ecf8427e"
                    ]
                ],
                "2": [
                    "versions.yml:md5,b3800d0192adcda9407236f1111be2e3"
                ],
                "collapsed_vcf": [
                    [
                        {
                            "id": "test"
                        },
                        "test_collapsed.vcf:md5,d41d8cd98f00b204e9800998ecf8427e"
                    ]
                ],
                "merged_vcf": [
                    [
                        {
                            "id": "test"
                        },
                        "test_merged.vcf:md5,d41d8cd98f00b204e9800998ecf8427e"
                    ]
                ],
                "versions": [
                    "versions.yml:md5,b3800d0192adcda9407236f1111be2e3"
                ]
            },
            {
                "TRUVARI_COLLAPSE": {
                    "truvari": "5.3.0"
                }
            }
        ],
        "meta": {
            "nf-test": "0.9.2",
            "nextflow": "24.10.5"
        },
        "timestamp": "2025-01-07T14:39:08.51064"
    }
}